// Jest Snapshot v1, https://goo.gl/fbAQLP

exports[`remark prism plugin generates a <pre> tag with a custom class prefix if configured 1`] = `
Object {
  "children": Array [
    Object {
      "lang": "js",
      "position": Position {
        "end": Object {
          "column": 4,
          "line": 3,
          "offset": 17,
        },
        "indent": Array [
          1,
          1,
        ],
        "start": Object {
          "column": 1,
          "line": 1,
          "offset": 0,
        },
      },
      "type": "html",
      "value": "<div class=\\"gatsby-highlight\\">
      <pre class=\\"custom-js\\"><code><span class=\\"token comment\\" spellcheck=\\"true\\">// Fake</span>
</code></pre>
      </div>",
    },
  ],
  "position": Object {
    "end": Object {
      "column": 4,
      "line": 3,
      "offset": 17,
    },
    "start": Object {
      "column": 1,
      "line": 1,
      "offset": 0,
    },
  },
  "type": "root",
}
`;

exports[`remark prism plugin generates a <pre> tag with class="language-*" prefix by default 1`] = `
Object {
  "children": Array [
    Object {
      "lang": "js",
      "position": Position {
        "end": Object {
          "column": 4,
          "line": 3,
          "offset": 17,
        },
        "indent": Array [
          1,
          1,
        ],
        "start": Object {
          "column": 1,
          "line": 1,
          "offset": 0,
        },
      },
      "type": "html",
      "value": "<div class=\\"gatsby-highlight\\">
      <pre class=\\"language-js\\"><code><span class=\\"token comment\\" spellcheck=\\"true\\">// Fake</span>
</code></pre>
      </div>",
    },
  ],
  "position": Object {
    "end": Object {
      "column": 4,
      "line": 3,
      "offset": 17,
    },
    "start": Object {
      "column": 1,
      "line": 1,
      "offset": 0,
    },
  },
  "type": "root",
}
`;
